{"time":"28/4/2021  0:5:2","methodName":"mongoConnect","message":"Mongo connection failed"}